============================= test session starts =============================
platform win32 -- Python 3.10.11, pytest-9.0.2, pluggy-1.6.0 -- D:\Autonomous Multimedia Transformation & Compilation Engine (AMTCE)\venv\Scripts\python.exe
cachedir: .pytest_cache
rootdir: D:\Autonomous Multimedia Transformation & Compilation Engine (AMTCE)
configfile: pytest.ini
plugins: anyio-4.12.0, xdist-3.8.0
collecting ... collected 4 items

tests/test_editor_retry_engine.py::test_diagnose_failure_maps_codes PASSED [ 25%]
tests/test_editor_retry_engine.py::test_retry_prompt_injection_contains_guidance PASSED [ 50%]
tests/test_editor_retry_engine.py::test_should_retry_max_3_times PASSED  [ 75%]
tests/test_editor_retry_engine.py::test_retry_loop_succeeds_on_second_attempt FAILED [100%]

================================== FAILURES ===================================
_________________ test_retry_loop_succeeds_on_second_attempt __________________
tests\test_editor_retry_engine.py:77: in test_retry_loop_succeeds_on_second_attempt
    assert mock_intel.perform_intelligence_cycle_retry.call_count == 1
E   AssertionError: assert 3 == 1
E    +  where 3 = <MagicMock name='unified_intel.perform_intelligence_cycle_retry' id='2697673613440'>.call_count
E    +    where <MagicMock name='unified_intel.perform_intelligence_cycle_retry' id='2697673613440'> = <MagicMock name='unified_intel' id='2697673595808'>.perform_intelligence_cycle_retry
---------------------------- Captured stdout call -----------------------------
\n\u2588\u2588\u2588\u2588\u2588\u2588\u2588\u2588\u2588\u2588\u2588\u2588\u2588\u2588\u2588\u2588\u2588\u2588\u2588\u2588\u2588\u2588\u2588\u2588\u2588\u2588\u2588\u2588\u2588\u2588\u2588\u2588\u2588\u2588\u2588\u2588\u2588\u2588\u2588\u2588\u2588\u2588\u2588\u2588\u2588\u2588\u2588\u2588\u2588\u2588\u2588\u2588\u2588\u2588\u2588\u2588\u2588\u2588\u2588\u2588\u2588\u2588\u2588\u2588\u2588\u2588\u2588\u2588\u2588\u2588\u2588\u2588\n  AMTCE PIPELINE AUDIT  \u2014  2026-03-23 16:44:15\n\u2588\u2588\u2588\u2588\u2588\u2588\u2588\u2588\u2588\u2588\u2588\u2588\u2588\u2588\u2588\u2588\u2588\u2588\u2588\u2588\u2588\u2588\u2588\u2588\u2588\u2588\u2588\u2588\u2588\u2588\u2588\u2588\u2588\u2588\u2588\u2588\u2588\u2588\u2588\u2588\u2588\u2588\u2588\u2588\u2588\u2588\u2588\u2588\u2588\u2588\u2588\u2588\u2588\u2588\u2588\u2588\u2588\u2588\u2588\u2588\u2588\u2588\u2588\u2588\u2588\u2588\u2588\u2588\u2588\u2588\u2588\u2588\n\n\u2550\u2550\u2550\u2550\u2550\u2550\u2550\u2550\u2550\u2550\u2550\u2550\u2550\u2550\u2550\u2550\u2550\u2550\u2550\u2550\u2550\u2550\u2550\u2550\u2550\u2550\u2550\u2550\u2550\u2550\u2550\u2550\u2550\u2550\u2550\u2550\u2550\u2550\u2550\u2550\u2550\u2550\u2550\u2550\u2550\u2550\u2550\u2550\u2550\u2550\u2550\u2550\u2550\u2550\u2550\u2550\u2550\u2550\u2550\u2550\u2550\u2550\u2550\u2550\u2550\u2550\u2550\u2550\u2550\u2550\u2550\u2550\n  MODULE CONNECTION REPORT\n\u2550\u2550\u2550\u2550\u2550\u2550\u2550\u2550\u2550\u2550\u2550\u2550\u2550\u2550\u2550\u2550\u2550\u2550\u2550\u2550\u2550\u2550\u2550\u2550\u2550\u2550\u2550\u2550\u2550\u2550\u2550\u2550\u2550\u2550\u2550\u2550\u2550\u2550\u2550\u2550\u2550\u2550\u2550\u2550\u2550\u2550\u2550\u2550\u2550\u2550\u2550\u2550\u2550\u2550\u2550\u2550\u2550\u2550\u2550\u2550\u2550\u2550\u2550\u2550\u2550\u2550\u2550\u2550\u2550\u2550\u2550\u2550\n  \u2705 CONNECTED           orchestrator\n  \u2705 CONNECTED           creative_editor_bridge\n  \u2705 CONNECTED           music_driven_editor\n  \u2705 CONNECTED           rhythm_timeline_builder\n  \u2705 CONNECTED           timeline_reconstructor\n  \u2705 CONNECTED           video_pipeline\n  \u2705 CONNECTED           audio_pipeline\n  \u2705 CONNECTED           audio_processing\n  \u2705 CONNECTED           beat_engine\n  \u2705 CONNECTED           retention_curve_engine\n  \u2705 CONNECTED           signal_fusion_engine\n  \u2705 CONNECTED           emotional_spike_detector\n  \u2705 CONNECTED           creative_director\n  \u2705 CONNECTED           editor_brain\n  \u2705 CONNECTED           smart_scene_editor\n  \u2705 CONNECTED           quality_evaluator\n  \u2705 CONNECTED           trend_opportunity_engine\n  \u2705 CONNECTED           hook_variants\n  \u2705 CONNECTED           narrative_brain\n  \u2705 CONNECTED           rag_bootstrap\n  \u2705 CONNECTED           analytics_optimizer\n  \u2705 CONNECTED           risk_engine\n\n  CALL GRAPH ANALYSIS\n\u2500\u2500\u2500\u2500\u2500\u2500\u2500\u2500\u2500\u2500\u2500\u2500\u2500\u2500\u2500\u2500\u2500\u2500\u2500\u2500\u2500\u2500\u2500\u2500\u2500\u2500\u2500\u2500\u2500\u2500\u2500\u2500\u2500\u2500\u2500\u2500\u2500\u2500\u2500\u2500\u2500\u2500\u2500\u2500\u2500\u2500\u2500\u2500\u2500\u2500\u2500\u2500\u2500\u2500\u2500\u2500\u2500\u2500\u2500\u2500\u2500\u2500\u2500\u2500\u2500\u2500\u2500\u2500\u2500\u2500\u2500\u2500\n  \u2705  beat_engine \u2192 creative_editor_bridge\n  \u2705  creative_editor_bridge \u2192 music_driven_editor\n  \u2705  creative_editor_bridge \u2192 orchestrator (called)\n  \u2705  music_driven_editor \u2192 timeline_builder\n  \u2705  orchestrator \u2192 beat_engine\n  \u2705  orchestrator \u2192 editor_brain\n  \u2705  orchestrator \u2192 creative_director\n  \u2705  orchestrator \u2192 timeline_reconstructor\n  \u2705  orchestrator \u2192 smart_scene_editor\n  \u2705  orchestrator \u2192 rhythm_builder\n  \u2705  orchestrator \u2192 video_pipeline\n  \u2705  orchestrator \u2192 audio_pipeline\n  \u2705  orchestrator \u2192 signal_fusion\n  \u2705  orchestrator \u2192 emotional_spike\n  \u2705  orchestrator \u2192 retention_curve\n  \u2705  orchestrator \u2192 MomentMiner (mine_moments call)\n  \u2705  orchestrator \u2192 trend_opportunity_engine\n  \u2705  orchestrator \u2192 hook_variants\n  \u2705  orchestrator \u2192 quality_evaluator\n  \u2705  orchestrator \u2192 narrative_director (compilation)\n  \u2705  editor_brain \u2192 rag_bootstrap\n  \u2705  editor_brain \u2192 rag_dataset (bootstrap)\n\n\u2550\u2550\u2550\u2550\u2550\u2550\u2550\u2550\u2550\u2550\u2550\u2550\u2550\u2550\u2550\u2550\u2550\u2550\u2550\u2550\u2550\u2550\u2550\u2550\u2550\u2550\u2550\u2550\u2550\u2550\u2550\u2550\u2550\u2550\u2550\u2550\u2550\u2550\u2550\u2550\u2550\u2550\u2550\u2550\u2550\u2550\u2550\u2550\u2550\u2550\u2550\u2550\u2550\u2550\u2550\u2550\u2550\u2550\u2550\u2550\u2550\u2550\u2550\u2550\u2550\u2550\u2550\u2550\u2550\u2550\u2550\u2550\n  DATA FLOW VALIDATION\n\u2550\u2550\u2550\u2550\u2550\u2550\u2550\u2550\u2550\u2550\u2550\u2550\u2550\u2550\u2550\u2550\u2550\u2550\u2550\u2550\u2550\u2550\u2550\u2550\u2550\u2550\u2550\u2550\u2550\u2550\u2550\u2550\u2550\u2550\u2550\u2550\u2550\u2550\u2550\u2550\u2550\u2550\u2550\u2550\u2550\u2550\u2550\u2550\u2550\u2550\u2550\u2550\u2550\u2550\u2550\u2550\u2550\u2550\u2550\u2550\u2550\u2550\u2550\u2550\u2550\u2550\u2550\u2550\u2550\u2550\u2550\u2550\n  \u2705  profile_data                    PRESENT\n  \u2705  editing_plan                    PRESENT\n  \u2705  segments                        PRESENT\n  \u2705  beat_data                       PRESENT\n  \u26a0\ufe0f   bgm_classified_beats            MISSING / EMPTY\n  \u26a0\ufe0f   candidate_moments               MISSING / EMPTY\n  \u26a0\ufe0f   editing_plan.segments           MISSING / EMPTY\n  \u2705  timeline_segments               PRESENT\n  \u26a0\ufe0f   story_map                       MISSING / EMPTY\n  \u2705  creative_signals                PRESENT\n  \u26a0\ufe0f   trend_opportunity               MISSING / EMPTY\n  \u26a0\ufe0f   hook_variant                    MISSING / EMPTY\n  \u2705  quality_evaluation              PRESENT\n  \u26a0\ufe0f   rag_strategy                    MISSING / EMPTY\n\n  PIPELINE OBJECT TRACE\n\u2500\u2500\u2500\u2500\u2500\u2500\u2500\u2500\u2500\u2500\u2500\u2500\u2500\u2500\u2500\u2500\u2500\u2500\u2500\u2500\u2500\u2500\u2500\u2500\u2500\u2500\u2500\u2500\u2500\u2500\u2500\u2500\u2500\u2500\u2500\u2500\u2500\u2500\u2500\u2500\u2500\u2500\u2500\u2500\u2500\u2500\u2500\u2500\u2500\u2500\u2500\u2500\u2500\u2500\u2500\u2500\u2500\u2500\u2500\u2500\u2500\u2500\u2500\u2500\u2500\u2500\u2500\u2500\u2500\u2500\u2500\u2500\n  \U0001f4e6  editing_plan              \u2192 found in profile_data['editing_plan'] (2)\n  \U0001f4e6  segments                  \u2192 found in profile_data['editing_plan'] (2)\n  \U0001f4e6  beat_data                 \u2192 found in profile_data['beat_data'] (2)\n  \u26a0\ufe0f   bgm_classified_beats      \u2192 NOT FOUND in any expected key ['bgm_classified_beats']\n  \u26a0\ufe0f   candidate_moments         \u2192 NOT FOUND in any expected key ['candidate_moments']\n  \U0001f4e6  story_map                 \u2192 found in profile_data['creative_strategy'] (4)\n  \U0001f4e6  creative_signals          \u2192 found in profile_data['retention_peaks'] (5)\n\n\u2550\u2550\u2550\u2550\u2550\u2550\u2550\u2550\u2550\u2550\u2550\u2550\u2550\u2550\u2550\u2550\u2550\u2550\u2550\u2550\u2550\u2550\u2550\u2550\u2550\u2550\u2550\u2550\u2550\u2550\u2550\u2550\u2550\u2550\u2550\u2550\u2550\u2550\u2550\u2550\u2550\u2550\u2550\u2550\u2550\u2550\u2550\u2550\u2550\u2550\u2550\u2550\u2550\u2550\u2550\u2550\u2550\u2550\u2550\u2550\u2550\u2550\u2550\u2550\u2550\u2550\u2550\u2550\u2550\u2550\u2550\u2550\n  CREATIVE INTELLIGENCE TRACE\n\u2550\u2550\u2550\u2550\u2550\u2550\u2550\u2550\u2550\u2550\u2550\u2550\u2550\u2550\u2550\u2550\u2550\u2550\u2550\u2550\u2550\u2550\u2550\u2550\u2550\u2550\u2550\u2550\u2550\u2550\u2550\u2550\u2550\u2550\u2550\u2550\u2550\u2550\u2550\u2550\u2550\u2550\u2550\u2550\u2550\u2550\u2550\u2550\u2550\u2550\u2550\u2550\u2550\u2550\u2550\u2550\u2550\u2550\u2550\u2550\u2550\u2550\u2550\u2550\u2550\u2550\u2550\u2550\u2550\u2550\u2550\u2550\n  \u26a0\ufe0f  empty     beat_detection                  signals=0\n  \u26a0\ufe0f  empty     beat_classified                 signals=0\n  \u26a0\ufe0f  empty     motion_scoring                  signals=0\n  \u2705 active      retention_peaks                 signals=5\n  \u26a0\ufe0f  empty     emotional_spikes                signals=0\n  \u26a0\ufe0f  empty     expression_changes              signals=0\n  \u26a0\ufe0f  empty     fused_moments                   signals=0\n  \u26a0\ufe0f  empty     candidate_moments               signals=0\n  \u26a0\ufe0f  empty     selected_shots                  signals=0\n  \u26a0\ufe0f  empty     story_map                       signals=0\n  \u2705 active      creative_director               strategy=yes\n  \u26a0\ufe0f  empty     editor_brain                    confidence=0.0\n  \u2705 active      timeline_reconstruction         segments=2\n\n\u2550\u2550\u2550\u2550\u2550\u2550\u2550\u2550\u2550\u2550\u2550\u2550\u2550\u2550\u2550\u2550\u2550\u2550\u2550\u2550\u2550\u2550\u2550\u2550\u2550\u2550\u2550\u2550\u2550\u2550\u2550\u2550\u2550\u2550\u2550\u2550\u2550\u2550\u2550\u2550\u2550\u2550\u2550\u2550\u2550\u2550\u2550\u2550\u2550\u2550\u2550\u2550\u2550\u2550\u2550\u2550\u2550\u2550\u2550\u2550\u2550\u2550\u2550\u2550\u2550\u2550\u2550\u2550\u2550\u2550\u2550\u2550\n  CREATIVE EDITING VERIFICATION\n\u2550\u2550\u2550\u2550\u2550\u2550\u2550\u2550\u2550\u2550\u2550\u2550\u2550\u2550\u2550\u2550\u2550\u2550\u2550\u2550\u2550\u2550\u2550\u2550\u2550\u2550\u2550\u2550\u2550\u2550\u2550\u2550\u2550\u2550\u2550\u2550\u2550\u2550\u2550\u2550\u2550\u2550\u2550\u2550\u2550\u2550\u2550\u2550\u2550\u2550\u2550\u2550\u2550\u2550\u2550\u2550\u2550\u2550\u2550\u2550\u2550\u2550\u2550\u2550\u2550\u2550\u2550\u2550\u2550\u2550\u2550\u2550\n  \u26a0\ufe0f   story_structure    stages=NONE\n  \u26a0\ufe0f   beat_synchronization  beats=0  drops=0\n  \u26a0\ufe0f   shot_pacing        segments=2  avg=0.00s
------------------------------ Captured log call ------------------------------
ERROR    orchestrator:orchestrator.py:734 \u274c [FAILURE] Feature [watermark_detection] crashed: [WinError 2] The system cannot find the file specified: 'fake_video.mp4'\nWARNING  orchestrator:orchestrator.py:938 \u26a0\ufe0f Watermark removal timed out or failed. Using original source.\nERROR    shot_detector:shot_detector.py:26 \u274c Video not found: fake_video.mp4\nERROR    beat_engine:beat_engine.py:213 \u274c Audio file not found: fake_video.mp4\nERROR    subject_tracker:subject_tracker.py:14 \u274c Video file not found: fake_video.mp4\nERROR    motion_detector:motion_detector.py:40 \u274c [MOTION] Video not found: fake_video.mp4\nWARNING  orchestrator:orchestrator.py:1135 \u26a0\ufe0f [MOTION_DETECTION] No motion scores generated.\nWARNING  moment_miner:moment_miner.py:457 [MOMENT_MINER] Low candidate count: 0 (target: 15-30)\nWARNING  expression_change_engine:expression_change_engine.py:399 [EXPRESSION_ENGINE] No valid video path found\nWARNING  emotional_spike_detector:emotional_spike_detector.py:699 \U0001f62e [EMOTIONAL_SPIKE] Empty timeline \u2014 returning safe defaults.\nWARNING  orchestrator:orchestrator.py:1524 \u26a0\ufe0f [SIGNAL_POVERTY] health=0.00 \u2014 editing depth will be restricted.\nWARNING  orchestrator:orchestrator.py:1767 [EDITOR_REJECTED] reason=ABSOLUTE_WEAK_CONTENT | fusion=0.000\nWARNING  orchestrator:orchestrator.py:1767 [EDITOR_REJECTED] reason=ABSOLUTE_WEAK_CONTENT | fusion=0.000\nWARNING  orchestrator:orchestrator.py:1767 [EDITOR_REJECTED] reason=ABSOLUTE_WEAK_CONTENT | fusion=0.000\nWARNING  editor_retry_engine:editor_retry_engine.py:85 \U0001f6ab [RETRY_ENGINE] Max retries (3) exhausted for 'ABSOLUTE_WEAK_CONTENT'.\nWARNING  orchestrator:orchestrator.py:1923 \U0001f4c9 [EDITOR_REJECTED] ABSOLUTE_WEAK_CONTENT | strategy=rebuild_narrative. Guided fallback triggered.\nWARNING  audio_processing:audio_processing.py:81 \u26a0\ufe0f Source has no audio stream, skipping remix: fake_video.mp4\nWARNING  timeline_reconstructor:timeline_reconstructor.py:1233 \u26a0\ufe0f Fallback enabled \u2014 using python reconstruction (non-strict mode).\nWARNING  orchestrator:orchestrator.py:2692 \u26a0\ufe0f [COHERENCE_ENGINE] failed (non-fatal): 'bool' object has no attribute 'get'\nWARNING  orchestrator:orchestrator.py:3211 \u26a0\ufe0f [QUALITY_EVALUATOR] ERROR: score=-1.000 | reasons=['Missing files']\nWARNING  orchestrator:orchestrator.py:3397 \u26a0\ufe0f SRV Failure: 'bool' object has no attribute 'get'\nWARNING  pipeline_audit:pipeline_audit.py:348 \u26a0 UNUSED DATA / MISSING\n  bgm_classified_beats not found or empty in profile_data\nWARNING  pipeline_audit:pipeline_audit.py:348 \u26a0 UNUSED DATA / MISSING\n  candidate_moments not found or empty in profile_data\nWARNING  pipeline_audit:pipeline_audit.py:348 \u26a0 UNUSED DATA / MISSING\n  editing_plan.segments not found or empty in profile_data\nWARNING  pipeline_audit:pipeline_audit.py:348 \u26a0 UNUSED DATA / MISSING\n  story_map not found or empty in profile_data\nWARNING  pipeline_audit:pipeline_audit.py:348 \u26a0 UNUSED DATA / MISSING\n  trend_opportunity not found or empty in profile_data\nWARNING  pipeline_audit:pipeline_audit.py:348 \u26a0 UNUSED DATA / MISSING\n  hook_variant not found or empty in profile_data\nWARNING  pipeline_audit:pipeline_audit.py:348 \u26a0 UNUSED DATA / MISSING\n  rag_strategy not found or empty in profile_data\nWARNING  pipeline_audit:pipeline_audit.py:409 \u26a0 INTELLIGENCE FAILURE\n  beat_detection \u2192 produced 0 signals\nWARNING  pipeline_audit:pipeline_audit.py:409 \u26a0 INTELLIGENCE FAILURE\n  beat_classified \u2192 produced 0 signals\nWARNING  pipeline_audit:pipeline_audit.py:409 \u26a0 INTELLIGENCE FAILURE\n  motion_scoring \u2192 produced 0 signals\nWARNING  pipeline_audit:pipeline_audit.py:409 \u26a0 INTELLIGENCE FAILURE\n  emotional_spikes \u2192 produced 0 signals\nWARNING  pipeline_audit:pipeline_audit.py:409 \u26a0 INTELLIGENCE FAILURE\n  expression_changes \u2192 produced 0 signals\nWARNING  pipeline_audit:pipeline_audit.py:409 \u26a0 INTELLIGENCE FAILURE\n  fused_moments \u2192 produced 0 signals\nWARNING  pipeline_audit:pipeline_audit.py:409 \u26a0 INTELLIGENCE FAILURE\n  candidate_moments \u2192 produced 0 signals\nWARNING  pipeline_audit:pipeline_audit.py:409 \u26a0 INTELLIGENCE FAILURE\n  selected_shots \u2192 produced 0 signals\nWARNING  pipeline_audit:pipeline_audit.py:431 \u26a0 INTELLIGENCE FAILURE\n  creative_director \u2192 story_map empty\nWARNING  pipeline_audit:pipeline_audit.py:447 \u26a0 INTELLIGENCE FAILURE\n  editor_brain \u2192 failed or not run (confidence=0)\nWARNING  orchestrator:orchestrator.py:3542 \u26a0\ufe0f Pipeline audit non-fatal error: 'bool' object has no attribute 'get'
=========================== short test summary info ===========================
FAILED tests/test_editor_retry_engine.py::test_retry_loop_succeeds_on_second_attempt
=================== 1 failed, 3 passed, 1 warning in 4.32s ====================
